
 ⛅️ wrangler 4.149.0
────────────────────
Using secrets defined in .env.local
Your Worker has access to the following bindings:
Binding                                              Resource                  Mode
env.ROOMS (RoomDurableObject)                        Durable Object            local
env.SOCIAL (SocialDurableObject)                     Durable Object            local
env.MATCHMAKING (MatchmakingDurableObject)           Durable Object            local
env.DB (zato-chess)                                  D1 Database               local
env.VITE_ZATO_WS_URL ("(hidden)")                    Environment Variable      local

⎔ Starting local server...
[33m▲ [43;33m[[43;30mWARNING[43;33m][0m [1mScheduled Workers are not automatically triggered during local development.[0m

  To manually trigger a scheduled event, run:
    curl "http://127.0.0.1:8788/cdn-cgi/local/scheduled"
  For more details, see [4mhttps://developers.cloudflare.com/workers/configuration/cron-triggers/#test-cron-triggers-locally[0m


[wrangler:info] Ready on http://127.0.0.1:8788
⎔ Reloading local server...
⎔ Local server updated and ready
[31mX [41;31m[[41;97mERROR[41;31m][0m [1mUncaught Error: internal error; reference = bgln2ram7u38hi9rs6ssbmcc Error[0m

      at finishByTime (file:///C:/Users/zato/Desktop/3/worker/index.ts:1281:190)
      at alarm (file:///C:/Users/zato/Desktop/3/worker/index.ts:1271:49)


[31mX [41;31m[[41;97mERROR[41;31m][0m [1mUncaught Error: internal error; reference = bgln2ram7u38hi9rs6ssbmcc [0m


Terminate batch job (Y/N)? 
^C